
> ocean@0.1.0 build
> next build

   Γû▓ Next.js 15.5.4
   - Environments: .env.local, .env

   Creating an optimized production build ...
 Γ£ô Compiled successfully in 14.4s
   Skipping linting
   Checking validity of types ...
   Collecting page data ...
   Generating static pages (0/37) ...
prisma:error 
Invalid `prisma.$queryRaw()` invocation:


error: Error validating datasource `db`: the URL must start with the protocol `postgresql://` or `postgres://`.
  -->  schema.prisma:9
   | 
 8 |   provider = "postgresql"
 9 |   url      = env("DATABASE_URL")
   | 

Validation Error Count: 1
ΓÅ│ Retrying connection in 2000ms...
Γ¥î Database connection failed (attempt 1/3): 
Invalid `prisma.$queryRaw()` invocation:


error: Error validating datasource `db`: the URL must start with the protocol `postgresql://` or `postgres://`.
  -->  schema.prisma:9
   | 
 8 |   provider = "postgresql"
 9 |   url      = env("DATABASE_URL")
   | 

Validation Error Count: 1
   Generating static pages (9/37) 
   Generating static pages (18/37) 
prisma:error 
Invalid `prisma.$queryRaw()` invocation:


error: Error validating datasource `db`: the URL must start with the protocol `postgresql://` or `postgres://`.
  -->  schema.prisma:9
   | 
 8 |   provider = "postgresql"
 9 |   url      = env("DATABASE_URL")
   | 

Validation Error Count: 1
ΓÅ│ Retrying connection in 2000ms...
Γ¥î Database connection failed (attempt 2/3): 
Invalid `prisma.$queryRaw()` invocation:


error: Error validating datasource `db`: the URL must start with the protocol `postgresql://` or `postgres://`.
  -->  schema.prisma:9
   | 
 8 |   provider = "postgresql"
 9 |   url      = env("DATABASE_URL")
   | 

Validation Error Count: 1
prisma:error 
Invalid `prisma.$queryRaw()` invocation:


error: Error validating datasource `db`: the URL must start with the protocol `postgresql://` or `postgres://`.
  -->  schema.prisma:9
   | 
 8 |   provider = "postgresql"
 9 |   url      = env("DATABASE_URL")
   | 

Validation Error Count: 1
prisma:error 
Invalid `prisma.$queryRaw()` invocation:


error: Error validating datasource `db`: the URL must start with the protocol `postgresql://` or `postgres://`.
  -->  schema.prisma:9
   | 
 8 |   provider = "postgresql"
 9 |   url      = env("DATABASE_URL")
   | 

Validation Error Count: 1
prisma:error 
Invalid `prisma.$queryRaw()` invocation:


error: Error validating datasource `db`: the URL must start with the protocol `postgresql://` or `postgres://`.
  -->  schema.prisma:9
   | 
 8 |   provider = "postgresql"
 9 |   url      = env("DATABASE_URL")
   | 

Validation Error Count: 1
prisma:error 
Invalid `prisma.$queryRaw()` invocation:


Γ¥î Database connection failed (attempt 3/3): 
Invalid `prisma.$queryRaw()` invocation:


error: Error validating datasource `db`: the URL must start with the protocol `postgresql://` or `postgres://`.
  -->  schema.prisma:9
   | 
 8 |   provider = "postgresql"
 9 |   url      = env("DATABASE_URL")
   | 

Validation Error Count: 1
≡ƒÜ½ Database connection failed after all retry attempts
Database connection failed, using fallback languages for sitemaps
Γ¥î Database connection failed (attempt 4/3): 
Invalid `prisma.$queryRaw()` invocation:


error: Error validating datasource `db`: the URL must start with the protocol `postgresql://` or `postgres://`.
  -->  schema.prisma:9
   | 
 8 |   provider = "postgresql"
 9 |   url      = env("DATABASE_URL")
   | 

Validation Error Count: 1
Γ¥î Database connection failed (attempt 5/3): 
Invalid `prisma.$queryRaw()` invocation:


error: Error validating datasource `db`: the URL must start with the protocol `postgresql://` or `postgres://`.
  -->  schema.prisma:9
   | 
error: Error validating datasource `db`: the URL must start with the protocol `postgresql://` or `postgres://`.
  -->  schema.prisma:9
   | 
 8 |   provider = "postgresql"
 9 |   url      = env("DATABASE_URL")
   | 

Validation Error Count: 1
prisma:error 
Invalid `prisma.$queryRaw()` invocation:


error: Error validating datasource `db`: the URL must start with the protocol `postgresql://` or `postgres://`.
  -->  schema.prisma:9
 8 |   provider = "postgresql"
   | 
 9 |   url      = env("DATABASE_URL")
 8 |   provider = "postgresql"
   | 
 9 |   url      = env("DATABASE_URL")

   | 
Validation Error Count: 1
Γ¥î Database connection failed (attempt 6/3): 

Invalid `prisma.$queryRaw()` invocation:
Validation Error Count: 1

prisma:error 

Invalid `prisma.$queryRaw()` invocation:


error: Error validating datasource `db`: the URL must start with the protocol `postgresql://` or `postgres://`.
  -->  schema.prisma:9
   | 
 8 |   provider = "postgresql"
error: Error validating datasource `db`: the URL must start with the protocol `postgresql://` or `postgres://`.
 9 |   url      = env("DATABASE_URL")
  -->  schema.prisma:9
   | 
   | 

 8 |   provider = "postgresql"
Validation Error Count: 1
 9 |   url      = env("DATABASE_URL")
prisma:error 
   | 
Invalid `prisma.$queryRaw()` invocation:



Validation Error Count: 1
error: Error validating datasource `db`: the URL must start with the protocol `postgresql://` or `postgres://`.
Γ¥î Database connection failed (attempt 7/3): 
  -->  schema.prisma:9
Invalid `prisma.$queryRaw()` invocation:
   | 

 8 |   provider = "postgresql"

error: Error validating datasource `db`: the URL must start with the protocol `postgresql://` or `postgres://`.
  -->  schema.prisma:9
   | 
 8 |   provider = "postgresql"
 9 |   url      = env("DATABASE_URL")
   | 

Validation Error Count: 1
Γ¥î Database connection failed (attempt 8/3): 
Invalid `prisma.$queryRaw()` invocation:


error: Error validating datasource `db`: the URL must start with the protocol `postgresql://` or `postgres://`.
  -->  schema.prisma:9
   | 
 9 |   url      = env("DATABASE_URL")
   | 

Validation Error Count: 1
prisma:error 
Invalid `prisma.$queryRaw()` invocation:


error: Error validating datasource `db`: the URL must start with the protocol `postgresql://` or `postgres://`.
  -->  schema.prisma:9
   | 
 8 |   provider = "postgresql"
 9 |   url      = env("DATABASE_URL")
   | 

Validation Error Count: 1
ΓÅ│ Retrying connection in 2000ms...
ΓÅ│ Retrying connection in 2000ms...
ΓÅ│ Retrying connection in 2000ms...
ΓÅ│ Retrying connection in 2000ms...
ΓÅ│ Retrying connection in 2000ms...
ΓÅ│ Retrying connection in 2000ms...
ΓÅ│ Retrying connection in 2000ms...
 8 |   provider = "postgresql"
 9 |   url      = env("DATABASE_URL")
   | 

Validation Error Count: 1
Γ¥î Database connection failed (attempt 9/3): 
Invalid `prisma.$queryRaw()` invocation:


error: Error validating datasource `db`: the URL must start with the protocol `postgresql://` or `postgres://`.
  -->  schema.prisma:9
   | 
 8 |   provider = "postgresql"
 9 |   url      = env("DATABASE_URL")
   | 

Validation Error Count: 1
Γ¥î Database connection failed (attempt 10/3): 
Invalid `prisma.$queryRaw()` invocation:


error: Error validating datasource `db`: the URL must start with the protocol `postgresql://` or `postgres://`.
  -->  schema.prisma:9
   | 
 8 |   provider = "postgresql"
 9 |   url      = env("DATABASE_URL")
   | 

Validation Error Count: 1
prisma:error 
Invalid `prisma.$queryRaw()` invocation:


error: Error validating datasource `db`: the URL must start with the protocol `postgresql://` or `postgres://`.
  -->  schema.prisma:9
   | 
 8 |   provider = "postgresql"
 9 |   url      = env("DATABASE_URL")
   | 

Validation Error Count: 1
prisma:error 
Invalid `prisma.$queryRaw()` invocation:


error: Error validating datasource `db`: the URL must start with the protocol `postgresql://` or `postgres://`.
  -->  schema.prisma:9
   | 
 8 |   provider = "postgresql"
 9 |   url      = env("DATABASE_URL")
   | 

Validation Error Count: 1
prisma:error 
Invalid `prisma.$queryRaw()` invocation:


error: Error validating datasource `db`: the URL must start with the protocol `postgresql://` or `postgres://`.
  -->  schema.prisma:9
   | 
 8 |   provider = "postgresql"
 9 |   url      = env("DATABASE_URL")
   | 

Validation Error Count: 1
prisma:error 
Invalid `prisma.$queryRaw()` invocation:


error: Error validating datasource `db`: the URL must start with the protocol `postgresql://` or `postgres://`.
  -->  schema.prisma:9
   | 
 8 |   provider = "postgresql"
 9 |   url      = env("DATABASE_URL")
   | 

Validation Error Count: 1
prisma:error 
Invalid `prisma.$queryRaw()` invocation:


error: Error validating datasource `db`: the URL must start with the protocol `postgresql://` or `postgres://`.
  -->  schema.prisma:9
   | 
 8 |   provider = "postgresql"
 9 |   url      = env("DATABASE_URL")
   | 

Validation Error Count: 1
prisma:error 
Invalid `prisma.$queryRaw()` invocation:


error: Error validating datasource `db`: the URL must start with the protocol `postgresql://` or `postgres://`.
  -->  schema.prisma:9
   | 
 8 |   provider = "postgresql"
 9 |   url      = env("DATABASE_URL")
   | 

Validation Error Count: 1
prisma:error 
Invalid `prisma.$queryRaw()` invocation:


error: Error validating datasource `db`: the URL must start with the protocol `postgresql://` or `postgres://`.
  -->  schema.prisma:9
   | 
 8 |   provider = "postgresql"
 9 |   url      = env("DATABASE_URL")
   | 

Validation Error Count: 1
ΓÅ│ Retrying connection in 2000ms...
ΓÅ│ Retrying connection in 2000ms...
ΓÅ│ Retrying connection in 2000ms...
ΓÅ│ Retrying connection in 2000ms...
ΓÅ│ Retrying connection in 2000ms...
ΓÅ│ Retrying connection in 2000ms...
ΓÅ│ Retrying connection in 2000ms...
Γ¥î Database connection failed (attempt 11/3): 
Invalid `prisma.$queryRaw()` invocation:


error: Error validating datasource `db`: the URL must start with the protocol `postgresql://` or `postgres://`.
  -->  schema.prisma:9
   | 
 8 |   provider = "postgresql"
 9 |   url      = env("DATABASE_URL")
   | 

Validation Error Count: 1
Γ¥î Database connection failed (attempt 12/3): 
Invalid `prisma.$queryRaw()` invocation:


error: Error validating datasource `db`: the URL must start with the protocol `postgresql://` or `postgres://`.
  -->  schema.prisma:9
   | 
 8 |   provider = "postgresql"
 9 |   url      = env("DATABASE_URL")
   | 

Validation Error Count: 1
Γ¥î Database connection failed (attempt 13/3): 
Invalid `prisma.$queryRaw()` invocation:


error: Error validating datasource `db`: the URL must start with the protocol `postgresql://` or `postgres://`.
  -->  schema.prisma:9
   | 
 8 |   provider = "postgresql"
 9 |   url      = env("DATABASE_URL")
   | 

Validation Error Count: 1
Γ¥î Database connection failed (attempt 14/3): 
Invalid `prisma.$queryRaw()` invocation:


error: Error validating datasource `db`: the URL must start with the protocol `postgresql://` or `postgres://`.
  -->  schema.prisma:9
   | 
 8 |   provider = "postgresql"
 9 |   url      = env("DATABASE_URL")
   | 

Validation Error Count: 1
Γ¥î Database connection failed (attempt 15/3): 
Invalid `prisma.$queryRaw()` invocation:


error: Error validating datasource `db`: the URL must start with the protocol `postgresql://` or `postgres://`.
  -->  schema.prisma:9
   | 
 8 |   provider = "postgresql"
 9 |   url      = env("DATABASE_URL")
   | 

Validation Error Count: 1
Γ¥î Database connection failed (attempt 16/3): 
Invalid `prisma.$queryRaw()` invocation:


error: Error validating datasource `db`: the URL must start with the protocol `postgresql://` or `postgres://`.
  -->  schema.prisma:9
   | 
 8 |   provider = "postgresql"
 9 |   url      = env("DATABASE_URL")
   | 

Validation Error Count: 1
Γ¥î Database connection failed (attempt 17/3): 
Invalid `prisma.$queryRaw()` invocation:


error: Error validating datasource `db`: the URL must start with the protocol `postgresql://` or `postgres://`.
  -->  schema.prisma:9
   | 
 8 |   provider = "postgresql"
 9 |   url      = env("DATABASE_URL")
   | 

Validation Error Count: 1
prisma:error 
Invalid `prisma.$queryRaw()` invocation:


error: Error validating datasource `db`: the URL must start with the protocol `postgresql://` or `postgres://`.
  -->  schema.prisma:9
   | 
 8 |   provider = "postgresql"
 9 |   url      = env("DATABASE_URL")
   | 

Validation Error Count: 1
prisma:error 
Invalid `prisma.$queryRaw()` invocation:


error: Error validating datasource `db`: the URL must start with the protocol `postgresql://` or `postgres://`.
  -->  schema.prisma:9
   | 
 8 |   provider = "postgresql"
 9 |   url      = env("DATABASE_URL")
   | 

Validation Error Count: 1
prisma:error 
Invalid `prisma.$queryRaw()` invocation:


error: Error validating datasource `db`: the URL must start with the protocol `postgresql://` or `postgres://`.
  -->  schema.prisma:9
   | 
 8 |   provider = "postgresql"
 9 |   url      = env("DATABASE_URL")
   | 

Validation Error Count: 1
prisma:error 
Invalid `prisma.$queryRaw()` invocation:


error: Error validating datasource `db`: the URL must start with the protocol `postgresql://` or `postgres://`.
  -->  schema.prisma:9
   | 
 8 |   provider = "postgresql"
 9 |   url      = env("DATABASE_URL")
   | 

Validation Error Count: 1
prisma:error 
Invalid `prisma.$queryRaw()` invocation:


error: Error validating datasource `db`: the URL must start with the protocol `postgresql://` or `postgres://`.
  -->  schema.prisma:9
   | 
 8 |   provider = "postgresql"
 9 |   url      = env("DATABASE_URL")
   | 

Validation Error Count: 1
prisma:error 
Invalid `prisma.$queryRaw()` invocation:


error: Error validating datasource `db`: the URL must start with the protocol `postgresql://` or `postgres://`.
  -->  schema.prisma:9
   | 
 8 |   provider = "postgresql"
 9 |   url      = env("DATABASE_URL")
   | 

Validation Error Count: 1
prisma:error 
Invalid `prisma.$queryRaw()` invocation:


error: Error validating datasource `db`: the URL must start with the protocol `postgresql://` or `postgres://`.
  -->  schema.prisma:9
   | 
 8 |   provider = "postgresql"
 9 |   url      = env("DATABASE_URL")
   | 

Validation Error Count: 1
Γ¥î Database connection failed (attempt 18/3): 
Invalid `prisma.$queryRaw()` invocation:


error: Error validating datasource `db`: the URL must start with the protocol `postgresql://` or `postgres://`.
  -->  schema.prisma:9
   | 
 8 |   provider = "postgresql"
 9 |   url      = env("DATABASE_URL")
   | 

Validation Error Count: 1
≡ƒÜ½ Database connection failed after all retry attempts
Γ¥î Database connection failed (attempt 19/3): 
Invalid `prisma.$queryRaw()` invocation:


error: Error validating datasource `db`: the URL must start with the protocol `postgresql://` or `postgres://`.
  -->  schema.prisma:9
   | 
 8 |   provider = "postgresql"
 9 |   url      = env("DATABASE_URL")
   | 

Validation Error Count: 1
≡ƒÜ½ Database connection failed after all retry attempts
Γ¥î Database connection failed (attempt 20/3): 
Invalid `prisma.$queryRaw()` invocation:


error: Error validating datasource `db`: the URL must start with the protocol `postgresql://` or `postgres://`.
  -->  schema.prisma:9
   | 
 8 |   provider = "postgresql"
 9 |   url      = env("DATABASE_URL")
   | 

Validation Error Count: 1
≡ƒÜ½ Database connection failed after all retry attempts
Γ¥î Database connection failed (attempt 21/3): 
Invalid `prisma.$queryRaw()` invocation:


error: Error validating datasource `db`: the URL must start with the protocol `postgresql://` or `postgres://`.
  -->  schema.prisma:9
   | 
 8 |   provider = "postgresql"
 9 |   url      = env("DATABASE_URL")
   | 

Validation Error Count: 1
≡ƒÜ½ Database connection failed after all retry attempts
Γ¥î Database connection failed (attempt 22/3): 
Invalid `prisma.$queryRaw()` invocation:


error: Error validating datasource `db`: the URL must start with the protocol `postgresql://` or `postgres://`.
  -->  schema.prisma:9
   | 
 8 |   provider = "postgresql"
 9 |   url      = env("DATABASE_URL")
   | 

Validation Error Count: 1
≡ƒÜ½ Database connection failed after all retry attempts
Γ¥î Database connection failed (attempt 23/3): 
Invalid `prisma.$queryRaw()` invocation:


error: Error validating datasource `db`: the URL must start with the protocol `postgresql://` or `postgres://`.
  -->  schema.prisma:9
   | 
 8 |   provider = "postgresql"
 9 |   url      = env("DATABASE_URL")
   | 

Validation Error Count: 1
≡ƒÜ½ Database connection failed after all retry attempts
Γ¥î Database connection failed (attempt 24/3): 
Invalid `prisma.$queryRaw()` invocation:


error: Error validating datasource `db`: the URL must start with the protocol `postgresql://` or `postgres://`.
  -->  schema.prisma:9
   | 
 8 |   provider = "postgresql"
 9 |   url      = env("DATABASE_URL")
   | 

Validation Error Count: 1
≡ƒÜ½ Database connection failed after all retry attempts
Database connection failed for en sitemap, returning static pages only
Database connection failed for ar sitemap, returning static pages only
Database connection failed for zh sitemap, returning static pages only
Database connection failed for ru sitemap, returning static pages only
Database connection failed for de sitemap, returning static pages only
Database connection failed for fr sitemap, returning static pages only
Database connection failed for hi sitemap, returning static pages only
   Generating static pages (27/37) 
 Γ£ô Generating static pages (37/37)
   Finalizing page optimization ...
   Collecting build traces ...

Route (app)                                         Size  First Load JS
Γöî Γùï /                                            5.69 kB         133 kB
Γö£ Γùï /_not-found                                     1 kB         103 kB
Γö£ ╞Æ /[lang]                                      4.31 kB         131 kB
Γö£ ╞Æ /[lang]/articles                             4.43 kB         128 kB
Γö£ ╞Æ /[lang]/articles/[slug]                      3.84 kB         166 kB
Γö£ ╞Æ /[lang]/newsletter                            3.3 kB         127 kB
Γö£ Γùï /admin                                         670 B         106 kB
Γö£ Γùï /admin/analytics                              107 kB         218 kB
Γö£ Γùï /admin/articles                               5.5 kB         120 kB
Γö£ ╞Æ /admin/articles/[id]/edit                    6.67 kB         256 kB
Γö£ Γùï /admin/articles/new                          6.22 kB         256 kB
Γö£ Γùï /admin/login                                  3.5 kB         115 kB
Γö£ Γùï /admin/media                                 20.5 kB         132 kB
Γö£ Γùï /admin/media/upload                          4.05 kB         119 kB
Γö£ Γùï /admin/settings                              4.83 kB         116 kB
Γö£ Γùï /admin/sitemap                               8.32 kB         119 kB
Γö£ Γùï /admin/tags                                  5.88 kB         117 kB
Γö£ Γùï /admin/translations                          5.21 kB         147 kB
Γö£ ╞Æ /admin/translations/[id]/edit                4.32 kB         242 kB
Γö£ Γùï /admin/translations/new                      3.31 kB         241 kB
Γö£ ╞Æ /api                                           235 B         102 kB
Γö£ ╞Æ /api/admin/articles/[id]/translations          235 B         102 kB
Γö£ ╞Æ /api/admin/database/ensure-newsletter-table    235 B         102 kB
Γö£ ╞Æ /api/admin/database/setup                      235 B         102 kB
Γö£ ╞Æ /api/admin/sitemap/generate                    235 B         102 kB
Γö£ ╞Æ /api/admin/sitemap/generate-index              235 B         102 kB
Γö£ ╞Æ /api/articles                                  235 B         102 kB
Γö£ ╞Æ /api/articles/[id]                             235 B         102 kB
Γö£ ╞Æ /api/articles/[id]/publish                     235 B         102 kB
Γö£ ╞Æ /api/articles/by-slug/[slug]                   235 B         102 kB
Γö£ ╞Æ /api/debug-translation/[slug]                  235 B         102 kB
Γö£ ╞Æ /api/email/article-published                   235 B         102 kB
Γö£ ╞Æ /api/health                                    235 B         102 kB
Γö£ ╞Æ /api/languages                                 235 B         102 kB
Γö£ ╞Æ /api/languages/[id]                            235 B         102 kB
Γö£ ╞Æ /api/media                                     235 B         102 kB
Γö£ ╞Æ /api/media/[id]                                235 B         102 kB
Γö£ ╞Æ /api/newsletter/notify                         235 B         102 kB
Γö£ ╞Æ /api/newsletter/subscribe                      235 B         102 kB
Γö£ ╞Æ /api/resend/domains                            235 B         102 kB
Γö£ ╞Æ /api/resend/setup-domain                       235 B         102 kB
Γö£ ╞Æ /api/resend/verify-domain                      235 B         102 kB
Γö£ ╞Æ /api/seed-database                             235 B         102 kB
Γö£ ╞Æ /api/tags                                      235 B         102 kB
Γö£ ╞Æ /api/tags/[id]                                 235 B         102 kB
Γö£ ╞Æ /api/tags/translate                            235 B         102 kB
Γö£ ╞Æ /api/test-arabic                               235 B         102 kB
Γö£ ╞Æ /api/test-email                                235 B         102 kB
Γö£ ╞Æ /api/test-newsletter                           235 B         102 kB
Γö£ ╞Æ /api/test-resend-direct                        235 B         102 kB
Γö£ ╞Æ /api/test-translations                         235 B         102 kB
Γö£ ╞Æ /api/translations                              235 B         102 kB
Γö£ ╞Æ /api/translations/[id]                         235 B         102 kB
Γö£ Γùï /articles                                    3.45 kB         168 kB
Γö£ ╞Æ /articles/[slug]                             3.14 kB         168 kB
Γö£ ╞Æ /sitemap-ar.xml                                235 B         102 kB
Γö£ ╞Æ /sitemap-de.xml                                235 B         102 kB
Γö£ ╞Æ /sitemap-en.xml                                235 B         102 kB
Γö£ ╞Æ /sitemap-fr.xml                                235 B         102 kB
Γö£ ╞Æ /sitemap-hi.xml                                235 B         102 kB
Γö£ ╞Æ /sitemap-ru.xml                                235 B         102 kB
Γö£ ╞Æ /sitemap-zh.xml                                235 B         102 kB
Γöö Γùï /sitemap.xml                                   235 B         102 kB
+ First Load JS shared by all                     102 kB
  Γö£ chunks/1255-ad92d48e3e7ce61a.js              45.5 kB
  Γö£ chunks/4bd1b696-100b9d70ed4e49c1.js          54.2 kB
  Γöö other shared chunks (total)                  2.02 kB


╞Æ Middleware                                     34.1 kB

Γùï  (Static)   prerendered as static content
╞Æ  (Dynamic)  server-rendered on demand


> ocean@0.1.0 postbuild
> echo 'Build completed successfully!'

'Build completed successfully!'
